TimeQuest Timing Analyzer report for testmax1270
Tue Dec 26 20:46:51 2017
Quartus Prime Version 17.1.0 Build 590 10/25/2017 SJ Lite Edition


---------------------
; Table of Contents ;
---------------------
  1. Legal Notice
  2. TimeQuest Timing Analyzer Summary
  3. Parallel Compilation
  4. Clocks
  5. Fmax Summary
  6. Setup Summary
  7. Hold Summary
  8. Recovery Summary
  9. Removal Summary
 10. Minimum Pulse Width Summary
 11. Setup: 'CLK2'
 12. Setup: 'CLK1'
 13. Hold: 'CLK1'
 14. Hold: 'CLK2'
 15. Setup Transfers
 16. Hold Transfers
 17. Report TCCS
 18. Report RSKM
 19. Unconstrained Paths Summary
 20. Clock Status Summary
 21. Unconstrained Input Ports
 22. Unconstrained Output Ports
 23. Unconstrained Input Ports
 24. Unconstrained Output Ports
 25. TimeQuest Timing Analyzer Messages



----------------
; Legal Notice ;
----------------
Copyright (C) 2017  Intel Corporation. All rights reserved.
Your use of Intel Corporation's design tools, logic functions 
and other software and tools, and its AMPP partner logic 
functions, and any output files from any of the foregoing 
(including device programming or simulation files), and any 
associated documentation or information are expressly subject 
to the terms and conditions of the Intel Program License 
Subscription Agreement, the Intel Quartus Prime License Agreement,
the Intel FPGA IP License Agreement, or other applicable license
agreement, including, without limitation, that your use is for
the sole purpose of programming logic devices manufactured by
Intel and sold by Intel or its authorized distributors.  Please
refer to the applicable agreement for further details.



+-----------------------------------------------------------------------------+
; TimeQuest Timing Analyzer Summary                                           ;
+-----------------------+-----------------------------------------------------+
; Quartus Prime Version ; Version 17.1.0 Build 590 10/25/2017 SJ Lite Edition ;
; Timing Analyzer       ; TimeQuest                                           ;
; Revision Name         ; testmax1270                                         ;
; Device Family         ; MAX II                                              ;
; Device Name           ; EPM1270T144C5                                       ;
; Timing Models         ; Final                                               ;
; Delay Model           ; Slow Model                                          ;
; Rise/Fall Delays      ; Unavailable                                         ;
+-----------------------+-----------------------------------------------------+


+------------------------------------------+
; Parallel Compilation                     ;
+----------------------------+-------------+
; Processors                 ; Number      ;
+----------------------------+-------------+
; Number detected on machine ; 4           ;
; Maximum allowed            ; 4           ;
;                            ;             ;
; Average used               ; 1.00        ;
; Maximum used               ; 2           ;
;                            ;             ;
; Usage by Processor         ; % Time Used ;
;     Processor 1            ; 100.0%      ;
;     Processor 2            ;   0.0%      ;
+----------------------------+-------------+


+----------------------------------------------------------------------------------------------------------------------------------------------------------------------------------+
; Clocks                                                                                                                                                                           ;
+------------+------+--------+------------+-------+-------+------------+-----------+-------------+-------+--------+-----------+------------+----------+--------+--------+----------+
; Clock Name ; Type ; Period ; Frequency  ; Rise  ; Fall  ; Duty Cycle ; Divide by ; Multiply by ; Phase ; Offset ; Edge List ; Edge Shift ; Inverted ; Master ; Source ; Targets  ;
+------------+------+--------+------------+-------+-------+------------+-----------+-------------+-------+--------+-----------+------------+----------+--------+--------+----------+
; CLK1       ; Base ; 1.000  ; 1000.0 MHz ; 0.000 ; 0.500 ;            ;           ;             ;       ;        ;           ;            ;          ;        ;        ; { CLK1 } ;
; CLK2       ; Base ; 1.000  ; 1000.0 MHz ; 0.000 ; 0.500 ;            ;           ;             ;       ;        ;           ;            ;          ;        ;        ; { CLK2 } ;
+------------+------+--------+------------+-------+-------+------------+-----------+-------------+-------+--------+-----------+------------+----------+--------+--------+----------+


+-----------------------------------------------------------------------------------------------------------+
; Fmax Summary                                                                                              ;
+------------+-----------------+------------+---------------------------------------------------------------+
; Fmax       ; Restricted Fmax ; Clock Name ; Note                                                          ;
+------------+-----------------+------------+---------------------------------------------------------------+
; 162.26 MHz ; 162.26 MHz      ; CLK2       ;                                                               ;
; 355.62 MHz ; 304.04 MHz      ; CLK1       ; limit due to minimum period restriction (max I/O toggle rate) ;
+------------+-----------------+------------+---------------------------------------------------------------+
This panel reports FMAX for every clock in the design, regardless of the user-specified clock periods.  FMAX is only computed for paths where the source and destination registers or ports are driven by the same clock.  Paths of different clocks, including generated clocks, are ignored.  For paths between a clock and its inversion, FMAX is computed as if the rising and falling edges are scaled along with FMAX, such that the duty cycle (in terms of a percentage) is maintained. Altera recommends that you always use clock constraints and other slack reports for sign-off analysis.


+--------------------------------+
; Setup Summary                  ;
+-------+--------+---------------+
; Clock ; Slack  ; End Point TNS ;
+-------+--------+---------------+
; CLK2  ; -5.163 ; -134.544      ;
; CLK1  ; -1.812 ; -15.323       ;
+-------+--------+---------------+


+-------------------------------+
; Hold Summary                  ;
+-------+-------+---------------+
; Clock ; Slack ; End Point TNS ;
+-------+-------+---------------+
; CLK1  ; 1.377 ; 0.000         ;
; CLK2  ; 1.667 ; 0.000         ;
+-------+-------+---------------+


--------------------
; Recovery Summary ;
--------------------
No paths to report.


-------------------
; Removal Summary ;
-------------------
No paths to report.


+--------------------------------+
; Minimum Pulse Width Summary    ;
+-------+--------+---------------+
; Clock ; Slack  ; End Point TNS ;
+-------+--------+---------------+
; CLK1  ; -2.289 ; -2.289        ;
; CLK2  ; -2.289 ; -2.289        ;
+-------+--------+---------------+


+----------------------------------------------------------------------------------------------------+
; Setup: 'CLK2'                                                                                      ;
+--------+-----------+---------+--------------+-------------+--------------+------------+------------+
; Slack  ; From Node ; To Node ; Launch Clock ; Latch Clock ; Relationship ; Clock Skew ; Data Delay ;
+--------+-----------+---------+--------------+-------------+--------------+------------+------------+
; -5.163 ; rt[2]     ; rt[31]  ; CLK2         ; CLK2        ; 1.000        ; 0.000      ; 5.830      ;
; -5.163 ; rt[2]     ; rt[30]  ; CLK2         ; CLK2        ; 1.000        ; 0.000      ; 5.830      ;
; -5.163 ; rt[2]     ; rt[29]  ; CLK2         ; CLK2        ; 1.000        ; 0.000      ; 5.830      ;
; -5.163 ; rt[2]     ; rt[28]  ; CLK2         ; CLK2        ; 1.000        ; 0.000      ; 5.830      ;
; -5.163 ; rt[2]     ; rt[27]  ; CLK2         ; CLK2        ; 1.000        ; 0.000      ; 5.830      ;
; -5.150 ; rt[2]     ; rt[32]  ; CLK2         ; CLK2        ; 1.000        ; 0.000      ; 5.817      ;
; -5.041 ; rt[3]     ; rt[31]  ; CLK2         ; CLK2        ; 1.000        ; 0.000      ; 5.708      ;
; -5.041 ; rt[3]     ; rt[30]  ; CLK2         ; CLK2        ; 1.000        ; 0.000      ; 5.708      ;
; -5.041 ; rt[3]     ; rt[29]  ; CLK2         ; CLK2        ; 1.000        ; 0.000      ; 5.708      ;
; -5.041 ; rt[3]     ; rt[28]  ; CLK2         ; CLK2        ; 1.000        ; 0.000      ; 5.708      ;
; -5.041 ; rt[3]     ; rt[27]  ; CLK2         ; CLK2        ; 1.000        ; 0.000      ; 5.708      ;
; -5.028 ; rt[3]     ; rt[32]  ; CLK2         ; CLK2        ; 1.000        ; 0.000      ; 5.695      ;
; -4.844 ; rt[1]     ; rt[31]  ; CLK2         ; CLK2        ; 1.000        ; 0.000      ; 5.511      ;
; -4.844 ; rt[1]     ; rt[30]  ; CLK2         ; CLK2        ; 1.000        ; 0.000      ; 5.511      ;
; -4.844 ; rt[1]     ; rt[29]  ; CLK2         ; CLK2        ; 1.000        ; 0.000      ; 5.511      ;
; -4.844 ; rt[1]     ; rt[28]  ; CLK2         ; CLK2        ; 1.000        ; 0.000      ; 5.511      ;
; -4.844 ; rt[1]     ; rt[27]  ; CLK2         ; CLK2        ; 1.000        ; 0.000      ; 5.511      ;
; -4.831 ; rt[1]     ; rt[32]  ; CLK2         ; CLK2        ; 1.000        ; 0.000      ; 5.498      ;
; -4.776 ; rt[5]     ; rt[31]  ; CLK2         ; CLK2        ; 1.000        ; 0.000      ; 5.443      ;
; -4.776 ; rt[5]     ; rt[30]  ; CLK2         ; CLK2        ; 1.000        ; 0.000      ; 5.443      ;
; -4.776 ; rt[5]     ; rt[29]  ; CLK2         ; CLK2        ; 1.000        ; 0.000      ; 5.443      ;
; -4.776 ; rt[5]     ; rt[28]  ; CLK2         ; CLK2        ; 1.000        ; 0.000      ; 5.443      ;
; -4.776 ; rt[5]     ; rt[27]  ; CLK2         ; CLK2        ; 1.000        ; 0.000      ; 5.443      ;
; -4.763 ; rt[5]     ; rt[32]  ; CLK2         ; CLK2        ; 1.000        ; 0.000      ; 5.430      ;
; -4.752 ; rt[0]     ; rt[31]  ; CLK2         ; CLK2        ; 1.000        ; 0.000      ; 5.419      ;
; -4.752 ; rt[0]     ; rt[30]  ; CLK2         ; CLK2        ; 1.000        ; 0.000      ; 5.419      ;
; -4.752 ; rt[0]     ; rt[29]  ; CLK2         ; CLK2        ; 1.000        ; 0.000      ; 5.419      ;
; -4.752 ; rt[0]     ; rt[28]  ; CLK2         ; CLK2        ; 1.000        ; 0.000      ; 5.419      ;
; -4.752 ; rt[0]     ; rt[27]  ; CLK2         ; CLK2        ; 1.000        ; 0.000      ; 5.419      ;
; -4.739 ; rt[0]     ; rt[32]  ; CLK2         ; CLK2        ; 1.000        ; 0.000      ; 5.406      ;
; -4.686 ; rt[4]     ; rt[31]  ; CLK2         ; CLK2        ; 1.000        ; 0.000      ; 5.353      ;
; -4.686 ; rt[4]     ; rt[30]  ; CLK2         ; CLK2        ; 1.000        ; 0.000      ; 5.353      ;
; -4.686 ; rt[4]     ; rt[29]  ; CLK2         ; CLK2        ; 1.000        ; 0.000      ; 5.353      ;
; -4.686 ; rt[4]     ; rt[28]  ; CLK2         ; CLK2        ; 1.000        ; 0.000      ; 5.353      ;
; -4.686 ; rt[4]     ; rt[27]  ; CLK2         ; CLK2        ; 1.000        ; 0.000      ; 5.353      ;
; -4.673 ; rt[4]     ; rt[32]  ; CLK2         ; CLK2        ; 1.000        ; 0.000      ; 5.340      ;
; -4.568 ; rt[2]     ; rt[21]  ; CLK2         ; CLK2        ; 1.000        ; 0.000      ; 5.235      ;
; -4.568 ; rt[2]     ; rt[20]  ; CLK2         ; CLK2        ; 1.000        ; 0.000      ; 5.235      ;
; -4.568 ; rt[2]     ; rt[19]  ; CLK2         ; CLK2        ; 1.000        ; 0.000      ; 5.235      ;
; -4.568 ; rt[2]     ; rt[18]  ; CLK2         ; CLK2        ; 1.000        ; 0.000      ; 5.235      ;
; -4.568 ; rt[2]     ; rt[17]  ; CLK2         ; CLK2        ; 1.000        ; 0.000      ; 5.235      ;
; -4.568 ; rt[12]    ; rt[31]  ; CLK2         ; CLK2        ; 1.000        ; 0.000      ; 5.235      ;
; -4.568 ; rt[12]    ; rt[30]  ; CLK2         ; CLK2        ; 1.000        ; 0.000      ; 5.235      ;
; -4.568 ; rt[12]    ; rt[29]  ; CLK2         ; CLK2        ; 1.000        ; 0.000      ; 5.235      ;
; -4.568 ; rt[12]    ; rt[28]  ; CLK2         ; CLK2        ; 1.000        ; 0.000      ; 5.235      ;
; -4.568 ; rt[12]    ; rt[27]  ; CLK2         ; CLK2        ; 1.000        ; 0.000      ; 5.235      ;
; -4.556 ; rt[7]     ; rt[31]  ; CLK2         ; CLK2        ; 1.000        ; 0.000      ; 5.223      ;
; -4.556 ; rt[7]     ; rt[30]  ; CLK2         ; CLK2        ; 1.000        ; 0.000      ; 5.223      ;
; -4.556 ; rt[7]     ; rt[29]  ; CLK2         ; CLK2        ; 1.000        ; 0.000      ; 5.223      ;
; -4.556 ; rt[7]     ; rt[28]  ; CLK2         ; CLK2        ; 1.000        ; 0.000      ; 5.223      ;
; -4.556 ; rt[7]     ; rt[27]  ; CLK2         ; CLK2        ; 1.000        ; 0.000      ; 5.223      ;
; -4.555 ; rt[2]     ; rt[26]  ; CLK2         ; CLK2        ; 1.000        ; 0.000      ; 5.222      ;
; -4.555 ; rt[2]     ; rt[25]  ; CLK2         ; CLK2        ; 1.000        ; 0.000      ; 5.222      ;
; -4.555 ; rt[2]     ; rt[24]  ; CLK2         ; CLK2        ; 1.000        ; 0.000      ; 5.222      ;
; -4.555 ; rt[2]     ; rt[23]  ; CLK2         ; CLK2        ; 1.000        ; 0.000      ; 5.222      ;
; -4.555 ; rt[2]     ; rt[22]  ; CLK2         ; CLK2        ; 1.000        ; 0.000      ; 5.222      ;
; -4.555 ; rt[12]    ; rt[32]  ; CLK2         ; CLK2        ; 1.000        ; 0.000      ; 5.222      ;
; -4.543 ; rt[7]     ; rt[32]  ; CLK2         ; CLK2        ; 1.000        ; 0.000      ; 5.210      ;
; -4.535 ; rt[6]     ; rt[31]  ; CLK2         ; CLK2        ; 1.000        ; 0.000      ; 5.202      ;
; -4.535 ; rt[6]     ; rt[30]  ; CLK2         ; CLK2        ; 1.000        ; 0.000      ; 5.202      ;
; -4.535 ; rt[6]     ; rt[29]  ; CLK2         ; CLK2        ; 1.000        ; 0.000      ; 5.202      ;
; -4.535 ; rt[6]     ; rt[28]  ; CLK2         ; CLK2        ; 1.000        ; 0.000      ; 5.202      ;
; -4.535 ; rt[6]     ; rt[27]  ; CLK2         ; CLK2        ; 1.000        ; 0.000      ; 5.202      ;
; -4.522 ; rt[6]     ; rt[32]  ; CLK2         ; CLK2        ; 1.000        ; 0.000      ; 5.189      ;
; -4.446 ; rt[3]     ; rt[21]  ; CLK2         ; CLK2        ; 1.000        ; 0.000      ; 5.113      ;
; -4.446 ; rt[3]     ; rt[20]  ; CLK2         ; CLK2        ; 1.000        ; 0.000      ; 5.113      ;
; -4.446 ; rt[3]     ; rt[19]  ; CLK2         ; CLK2        ; 1.000        ; 0.000      ; 5.113      ;
; -4.446 ; rt[3]     ; rt[18]  ; CLK2         ; CLK2        ; 1.000        ; 0.000      ; 5.113      ;
; -4.446 ; rt[3]     ; rt[17]  ; CLK2         ; CLK2        ; 1.000        ; 0.000      ; 5.113      ;
; -4.446 ; rt[13]    ; rt[31]  ; CLK2         ; CLK2        ; 1.000        ; 0.000      ; 5.113      ;
; -4.446 ; rt[13]    ; rt[30]  ; CLK2         ; CLK2        ; 1.000        ; 0.000      ; 5.113      ;
; -4.446 ; rt[13]    ; rt[29]  ; CLK2         ; CLK2        ; 1.000        ; 0.000      ; 5.113      ;
; -4.446 ; rt[13]    ; rt[28]  ; CLK2         ; CLK2        ; 1.000        ; 0.000      ; 5.113      ;
; -4.446 ; rt[13]    ; rt[27]  ; CLK2         ; CLK2        ; 1.000        ; 0.000      ; 5.113      ;
; -4.443 ; rt[8]     ; rt[31]  ; CLK2         ; CLK2        ; 1.000        ; 0.000      ; 5.110      ;
; -4.443 ; rt[8]     ; rt[30]  ; CLK2         ; CLK2        ; 1.000        ; 0.000      ; 5.110      ;
; -4.443 ; rt[8]     ; rt[29]  ; CLK2         ; CLK2        ; 1.000        ; 0.000      ; 5.110      ;
; -4.443 ; rt[8]     ; rt[28]  ; CLK2         ; CLK2        ; 1.000        ; 0.000      ; 5.110      ;
; -4.443 ; rt[8]     ; rt[27]  ; CLK2         ; CLK2        ; 1.000        ; 0.000      ; 5.110      ;
; -4.433 ; rt[3]     ; rt[26]  ; CLK2         ; CLK2        ; 1.000        ; 0.000      ; 5.100      ;
; -4.433 ; rt[3]     ; rt[25]  ; CLK2         ; CLK2        ; 1.000        ; 0.000      ; 5.100      ;
; -4.433 ; rt[3]     ; rt[24]  ; CLK2         ; CLK2        ; 1.000        ; 0.000      ; 5.100      ;
; -4.433 ; rt[3]     ; rt[23]  ; CLK2         ; CLK2        ; 1.000        ; 0.000      ; 5.100      ;
; -4.433 ; rt[3]     ; rt[22]  ; CLK2         ; CLK2        ; 1.000        ; 0.000      ; 5.100      ;
; -4.433 ; rt[13]    ; rt[32]  ; CLK2         ; CLK2        ; 1.000        ; 0.000      ; 5.100      ;
; -4.430 ; rt[8]     ; rt[32]  ; CLK2         ; CLK2        ; 1.000        ; 0.000      ; 5.097      ;
; -4.401 ; rt[10]    ; rt[31]  ; CLK2         ; CLK2        ; 1.000        ; 0.000      ; 5.068      ;
; -4.401 ; rt[10]    ; rt[30]  ; CLK2         ; CLK2        ; 1.000        ; 0.000      ; 5.068      ;
; -4.401 ; rt[10]    ; rt[29]  ; CLK2         ; CLK2        ; 1.000        ; 0.000      ; 5.068      ;
; -4.401 ; rt[10]    ; rt[28]  ; CLK2         ; CLK2        ; 1.000        ; 0.000      ; 5.068      ;
; -4.401 ; rt[10]    ; rt[27]  ; CLK2         ; CLK2        ; 1.000        ; 0.000      ; 5.068      ;
; -4.388 ; rt[10]    ; rt[32]  ; CLK2         ; CLK2        ; 1.000        ; 0.000      ; 5.055      ;
; -4.320 ; rt[9]     ; rt[31]  ; CLK2         ; CLK2        ; 1.000        ; 0.000      ; 4.987      ;
; -4.320 ; rt[9]     ; rt[30]  ; CLK2         ; CLK2        ; 1.000        ; 0.000      ; 4.987      ;
; -4.320 ; rt[9]     ; rt[29]  ; CLK2         ; CLK2        ; 1.000        ; 0.000      ; 4.987      ;
; -4.320 ; rt[9]     ; rt[28]  ; CLK2         ; CLK2        ; 1.000        ; 0.000      ; 4.987      ;
; -4.320 ; rt[9]     ; rt[27]  ; CLK2         ; CLK2        ; 1.000        ; 0.000      ; 4.987      ;
; -4.307 ; rt[9]     ; rt[32]  ; CLK2         ; CLK2        ; 1.000        ; 0.000      ; 4.974      ;
; -4.249 ; rt[11]    ; rt[31]  ; CLK2         ; CLK2        ; 1.000        ; 0.000      ; 4.916      ;
; -4.249 ; rt[11]    ; rt[30]  ; CLK2         ; CLK2        ; 1.000        ; 0.000      ; 4.916      ;
+--------+-----------+---------+--------------+-------------+--------------+------------+------------+


+--------------------------------------------------------------------------------------------------------+
; Setup: 'CLK1'                                                                                          ;
+--------+------------+------------+--------------+-------------+--------------+------------+------------+
; Slack  ; From Node  ; To Node    ; Launch Clock ; Latch Clock ; Relationship ; Clock Skew ; Data Delay ;
+--------+------------+------------+--------------+-------------+--------------+------------+------------+
; -1.812 ; random[0]  ; random[0]  ; CLK1         ; CLK1        ; 1.000        ; 0.000      ; 2.479      ;
; -1.694 ; random[2]  ; random[0]  ; CLK1         ; CLK1        ; 1.000        ; 0.000      ; 2.361      ;
; -1.506 ; random[3]  ; random[0]  ; CLK1         ; CLK1        ; 1.000        ; 0.000      ; 2.173      ;
; -1.497 ; random[3]  ; random[4]  ; CLK1         ; CLK1        ; 1.000        ; 0.000      ; 2.164      ;
; -1.328 ; random[7]  ; random[8]  ; CLK1         ; CLK1        ; 1.000        ; 0.000      ; 1.995      ;
; -1.299 ; random[11] ; random[12] ; CLK1         ; CLK1        ; 1.000        ; 0.000      ; 1.966      ;
; -1.224 ; random[2]  ; random[3]  ; CLK1         ; CLK1        ; 1.000        ; 0.000      ; 1.891      ;
; -1.214 ; random[5]  ; random[6]  ; CLK1         ; CLK1        ; 1.000        ; 0.000      ; 1.881      ;
; -1.206 ; random[12] ; random[0]  ; CLK1         ; CLK1        ; 1.000        ; 0.000      ; 1.873      ;
; -1.205 ; random[6]  ; random[7]  ; CLK1         ; CLK1        ; 1.000        ; 0.000      ; 1.872      ;
; -0.981 ; random[0]  ; random[1]  ; CLK1         ; CLK1        ; 1.000        ; 0.000      ; 1.648      ;
; -0.974 ; random[4]  ; random[5]  ; CLK1         ; CLK1        ; 1.000        ; 0.000      ; 1.641      ;
; -0.953 ; random[8]  ; random[9]  ; CLK1         ; CLK1        ; 1.000        ; 0.000      ; 1.620      ;
; -0.953 ; random[9]  ; random[10] ; CLK1         ; CLK1        ; 1.000        ; 0.000      ; 1.620      ;
; -0.952 ; random[10] ; random[11] ; CLK1         ; CLK1        ; 1.000        ; 0.000      ; 1.619      ;
; -0.931 ; random[1]  ; random[2]  ; CLK1         ; CLK1        ; 1.000        ; 0.000      ; 1.598      ;
+--------+------------+------------+--------------+-------------+--------------+------------+------------+


+-------------------------------------------------------------------------------------------------------+
; Hold: 'CLK1'                                                                                          ;
+-------+------------+------------+--------------+-------------+--------------+------------+------------+
; Slack ; From Node  ; To Node    ; Launch Clock ; Latch Clock ; Relationship ; Clock Skew ; Data Delay ;
+-------+------------+------------+--------------+-------------+--------------+------------+------------+
; 1.377 ; random[1]  ; random[2]  ; CLK1         ; CLK1        ; 0.000        ; 0.000      ; 1.598      ;
; 1.398 ; random[10] ; random[11] ; CLK1         ; CLK1        ; 0.000        ; 0.000      ; 1.619      ;
; 1.399 ; random[8]  ; random[9]  ; CLK1         ; CLK1        ; 0.000        ; 0.000      ; 1.620      ;
; 1.399 ; random[9]  ; random[10] ; CLK1         ; CLK1        ; 0.000        ; 0.000      ; 1.620      ;
; 1.420 ; random[4]  ; random[5]  ; CLK1         ; CLK1        ; 0.000        ; 0.000      ; 1.641      ;
; 1.427 ; random[0]  ; random[1]  ; CLK1         ; CLK1        ; 0.000        ; 0.000      ; 1.648      ;
; 1.651 ; random[6]  ; random[7]  ; CLK1         ; CLK1        ; 0.000        ; 0.000      ; 1.872      ;
; 1.652 ; random[12] ; random[0]  ; CLK1         ; CLK1        ; 0.000        ; 0.000      ; 1.873      ;
; 1.660 ; random[5]  ; random[6]  ; CLK1         ; CLK1        ; 0.000        ; 0.000      ; 1.881      ;
; 1.670 ; random[2]  ; random[3]  ; CLK1         ; CLK1        ; 0.000        ; 0.000      ; 1.891      ;
; 1.745 ; random[11] ; random[12] ; CLK1         ; CLK1        ; 0.000        ; 0.000      ; 1.966      ;
; 1.774 ; random[7]  ; random[8]  ; CLK1         ; CLK1        ; 0.000        ; 0.000      ; 1.995      ;
; 1.943 ; random[3]  ; random[4]  ; CLK1         ; CLK1        ; 0.000        ; 0.000      ; 2.164      ;
; 1.952 ; random[3]  ; random[0]  ; CLK1         ; CLK1        ; 0.000        ; 0.000      ; 2.173      ;
; 2.140 ; random[2]  ; random[0]  ; CLK1         ; CLK1        ; 0.000        ; 0.000      ; 2.361      ;
; 2.258 ; random[0]  ; random[0]  ; CLK1         ; CLK1        ; 0.000        ; 0.000      ; 2.479      ;
+-------+------------+------------+--------------+-------------+--------------+------------+------------+


+---------------------------------------------------------------------------------------------------+
; Hold: 'CLK2'                                                                                      ;
+-------+-----------+---------+--------------+-------------+--------------+------------+------------+
; Slack ; From Node ; To Node ; Launch Clock ; Latch Clock ; Relationship ; Clock Skew ; Data Delay ;
+-------+-----------+---------+--------------+-------------+--------------+------------+------------+
; 1.667 ; rt[0]     ; rt[0]   ; CLK2         ; CLK2        ; 0.000        ; 0.000      ; 1.888      ;
; 2.107 ; rt[27]    ; rt[27]  ; CLK2         ; CLK2        ; 0.000        ; 0.000      ; 2.328      ;
; 2.108 ; rt[4]     ; rt[4]   ; CLK2         ; CLK2        ; 0.000        ; 0.000      ; 2.329      ;
; 2.116 ; rt[17]    ; rt[17]  ; CLK2         ; CLK2        ; 0.000        ; 0.000      ; 2.337      ;
; 2.116 ; rt[7]     ; rt[7]   ; CLK2         ; CLK2        ; 0.000        ; 0.000      ; 2.337      ;
; 2.117 ; rt[29]    ; rt[29]  ; CLK2         ; CLK2        ; 0.000        ; 0.000      ; 2.338      ;
; 2.117 ; rt[28]    ; rt[28]  ; CLK2         ; CLK2        ; 0.000        ; 0.000      ; 2.338      ;
; 2.117 ; rt[24]    ; rt[24]  ; CLK2         ; CLK2        ; 0.000        ; 0.000      ; 2.338      ;
; 2.117 ; rt[14]    ; rt[14]  ; CLK2         ; CLK2        ; 0.000        ; 0.000      ; 2.338      ;
; 2.126 ; rt[26]    ; rt[26]  ; CLK2         ; CLK2        ; 0.000        ; 0.000      ; 2.347      ;
; 2.126 ; rt[19]    ; rt[19]  ; CLK2         ; CLK2        ; 0.000        ; 0.000      ; 2.347      ;
; 2.126 ; rt[18]    ; rt[18]  ; CLK2         ; CLK2        ; 0.000        ; 0.000      ; 2.347      ;
; 2.126 ; rt[16]    ; rt[16]  ; CLK2         ; CLK2        ; 0.000        ; 0.000      ; 2.347      ;
; 2.126 ; rt[9]     ; rt[9]   ; CLK2         ; CLK2        ; 0.000        ; 0.000      ; 2.347      ;
; 2.126 ; rt[8]     ; rt[8]   ; CLK2         ; CLK2        ; 0.000        ; 0.000      ; 2.347      ;
; 2.127 ; rt[6]     ; rt[6]   ; CLK2         ; CLK2        ; 0.000        ; 0.000      ; 2.348      ;
; 2.140 ; rt[0]     ; rt[1]   ; CLK2         ; CLK2        ; 0.000        ; 0.000      ; 2.361      ;
; 2.212 ; rt[30]    ; rt[30]  ; CLK2         ; CLK2        ; 0.000        ; 0.000      ; 2.433      ;
; 2.212 ; rt[5]     ; rt[5]   ; CLK2         ; CLK2        ; 0.000        ; 0.000      ; 2.433      ;
; 2.221 ; rt[32]    ; rt[32]  ; CLK2         ; CLK2        ; 0.000        ; 0.000      ; 2.442      ;
; 2.221 ; rt[25]    ; rt[25]  ; CLK2         ; CLK2        ; 0.000        ; 0.000      ; 2.442      ;
; 2.221 ; rt[20]    ; rt[20]  ; CLK2         ; CLK2        ; 0.000        ; 0.000      ; 2.442      ;
; 2.221 ; rt[15]    ; rt[15]  ; CLK2         ; CLK2        ; 0.000        ; 0.000      ; 2.442      ;
; 2.221 ; rt[10]    ; rt[10]  ; CLK2         ; CLK2        ; 0.000        ; 0.000      ; 2.442      ;
; 2.222 ; rt[31]    ; rt[31]  ; CLK2         ; CLK2        ; 0.000        ; 0.000      ; 2.443      ;
; 2.230 ; rt[22]    ; rt[22]  ; CLK2         ; CLK2        ; 0.000        ; 0.000      ; 2.451      ;
; 2.230 ; rt[12]    ; rt[12]  ; CLK2         ; CLK2        ; 0.000        ; 0.000      ; 2.451      ;
; 2.230 ; rt[2]     ; rt[2]   ; CLK2         ; CLK2        ; 0.000        ; 0.000      ; 2.451      ;
; 2.231 ; rt[23]    ; rt[23]  ; CLK2         ; CLK2        ; 0.000        ; 0.000      ; 2.452      ;
; 2.231 ; rt[21]    ; rt[21]  ; CLK2         ; CLK2        ; 0.000        ; 0.000      ; 2.452      ;
; 2.231 ; rt[13]    ; rt[13]  ; CLK2         ; CLK2        ; 0.000        ; 0.000      ; 2.452      ;
; 2.231 ; rt[11]    ; rt[11]  ; CLK2         ; CLK2        ; 0.000        ; 0.000      ; 2.452      ;
; 2.231 ; rt[3]     ; rt[3]   ; CLK2         ; CLK2        ; 0.000        ; 0.000      ; 2.452      ;
; 2.231 ; rt[1]     ; rt[1]   ; CLK2         ; CLK2        ; 0.000        ; 0.000      ; 2.452      ;
; 2.939 ; rt[27]    ; rt[28]  ; CLK2         ; CLK2        ; 0.000        ; 0.000      ; 3.160      ;
; 2.940 ; rt[4]     ; rt[5]   ; CLK2         ; CLK2        ; 0.000        ; 0.000      ; 3.161      ;
; 2.948 ; rt[17]    ; rt[18]  ; CLK2         ; CLK2        ; 0.000        ; 0.000      ; 3.169      ;
; 2.948 ; rt[7]     ; rt[8]   ; CLK2         ; CLK2        ; 0.000        ; 0.000      ; 3.169      ;
; 2.949 ; rt[29]    ; rt[30]  ; CLK2         ; CLK2        ; 0.000        ; 0.000      ; 3.170      ;
; 2.949 ; rt[28]    ; rt[29]  ; CLK2         ; CLK2        ; 0.000        ; 0.000      ; 3.170      ;
; 2.949 ; rt[24]    ; rt[25]  ; CLK2         ; CLK2        ; 0.000        ; 0.000      ; 3.170      ;
; 2.949 ; rt[14]    ; rt[15]  ; CLK2         ; CLK2        ; 0.000        ; 0.000      ; 3.170      ;
; 2.958 ; rt[19]    ; rt[20]  ; CLK2         ; CLK2        ; 0.000        ; 0.000      ; 3.179      ;
; 2.958 ; rt[18]    ; rt[19]  ; CLK2         ; CLK2        ; 0.000        ; 0.000      ; 3.179      ;
; 2.958 ; rt[9]     ; rt[10]  ; CLK2         ; CLK2        ; 0.000        ; 0.000      ; 3.179      ;
; 2.958 ; rt[8]     ; rt[9]   ; CLK2         ; CLK2        ; 0.000        ; 0.000      ; 3.179      ;
; 3.050 ; rt[27]    ; rt[29]  ; CLK2         ; CLK2        ; 0.000        ; 0.000      ; 3.271      ;
; 3.051 ; rt[4]     ; rt[6]   ; CLK2         ; CLK2        ; 0.000        ; 0.000      ; 3.272      ;
; 3.059 ; rt[17]    ; rt[19]  ; CLK2         ; CLK2        ; 0.000        ; 0.000      ; 3.280      ;
; 3.059 ; rt[7]     ; rt[9]   ; CLK2         ; CLK2        ; 0.000        ; 0.000      ; 3.280      ;
; 3.060 ; rt[29]    ; rt[31]  ; CLK2         ; CLK2        ; 0.000        ; 0.000      ; 3.281      ;
; 3.060 ; rt[24]    ; rt[26]  ; CLK2         ; CLK2        ; 0.000        ; 0.000      ; 3.281      ;
; 3.060 ; rt[14]    ; rt[16]  ; CLK2         ; CLK2        ; 0.000        ; 0.000      ; 3.281      ;
; 3.060 ; rt[28]    ; rt[30]  ; CLK2         ; CLK2        ; 0.000        ; 0.000      ; 3.281      ;
; 3.069 ; rt[19]    ; rt[21]  ; CLK2         ; CLK2        ; 0.000        ; 0.000      ; 3.290      ;
; 3.069 ; rt[9]     ; rt[11]  ; CLK2         ; CLK2        ; 0.000        ; 0.000      ; 3.290      ;
; 3.069 ; rt[18]    ; rt[20]  ; CLK2         ; CLK2        ; 0.000        ; 0.000      ; 3.290      ;
; 3.069 ; rt[8]     ; rt[10]  ; CLK2         ; CLK2        ; 0.000        ; 0.000      ; 3.290      ;
; 3.152 ; rt[5]     ; rt[6]   ; CLK2         ; CLK2        ; 0.000        ; 0.000      ; 3.373      ;
; 3.152 ; rt[30]    ; rt[31]  ; CLK2         ; CLK2        ; 0.000        ; 0.000      ; 3.373      ;
; 3.161 ; rt[25]    ; rt[26]  ; CLK2         ; CLK2        ; 0.000        ; 0.000      ; 3.382      ;
; 3.161 ; rt[15]    ; rt[16]  ; CLK2         ; CLK2        ; 0.000        ; 0.000      ; 3.382      ;
; 3.161 ; rt[27]    ; rt[30]  ; CLK2         ; CLK2        ; 0.000        ; 0.000      ; 3.382      ;
; 3.161 ; rt[20]    ; rt[21]  ; CLK2         ; CLK2        ; 0.000        ; 0.000      ; 3.382      ;
; 3.161 ; rt[10]    ; rt[11]  ; CLK2         ; CLK2        ; 0.000        ; 0.000      ; 3.382      ;
; 3.170 ; rt[22]    ; rt[23]  ; CLK2         ; CLK2        ; 0.000        ; 0.000      ; 3.391      ;
; 3.170 ; rt[12]    ; rt[13]  ; CLK2         ; CLK2        ; 0.000        ; 0.000      ; 3.391      ;
; 3.170 ; rt[2]     ; rt[3]   ; CLK2         ; CLK2        ; 0.000        ; 0.000      ; 3.391      ;
; 3.170 ; rt[17]    ; rt[20]  ; CLK2         ; CLK2        ; 0.000        ; 0.000      ; 3.391      ;
; 3.170 ; rt[7]     ; rt[10]  ; CLK2         ; CLK2        ; 0.000        ; 0.000      ; 3.391      ;
; 3.171 ; rt[23]    ; rt[24]  ; CLK2         ; CLK2        ; 0.000        ; 0.000      ; 3.392      ;
; 3.171 ; rt[13]    ; rt[14]  ; CLK2         ; CLK2        ; 0.000        ; 0.000      ; 3.392      ;
; 3.171 ; rt[3]     ; rt[4]   ; CLK2         ; CLK2        ; 0.000        ; 0.000      ; 3.392      ;
; 3.171 ; rt[28]    ; rt[31]  ; CLK2         ; CLK2        ; 0.000        ; 0.000      ; 3.392      ;
; 3.180 ; rt[18]    ; rt[21]  ; CLK2         ; CLK2        ; 0.000        ; 0.000      ; 3.401      ;
; 3.180 ; rt[8]     ; rt[11]  ; CLK2         ; CLK2        ; 0.000        ; 0.000      ; 3.401      ;
; 3.272 ; rt[27]    ; rt[31]  ; CLK2         ; CLK2        ; 0.000        ; 0.000      ; 3.493      ;
; 3.281 ; rt[22]    ; rt[24]  ; CLK2         ; CLK2        ; 0.000        ; 0.000      ; 3.502      ;
; 3.281 ; rt[12]    ; rt[14]  ; CLK2         ; CLK2        ; 0.000        ; 0.000      ; 3.502      ;
; 3.281 ; rt[2]     ; rt[4]   ; CLK2         ; CLK2        ; 0.000        ; 0.000      ; 3.502      ;
; 3.281 ; rt[17]    ; rt[21]  ; CLK2         ; CLK2        ; 0.000        ; 0.000      ; 3.502      ;
; 3.281 ; rt[7]     ; rt[11]  ; CLK2         ; CLK2        ; 0.000        ; 0.000      ; 3.502      ;
; 3.282 ; rt[3]     ; rt[5]   ; CLK2         ; CLK2        ; 0.000        ; 0.000      ; 3.503      ;
; 3.282 ; rt[23]    ; rt[25]  ; CLK2         ; CLK2        ; 0.000        ; 0.000      ; 3.503      ;
; 3.282 ; rt[13]    ; rt[15]  ; CLK2         ; CLK2        ; 0.000        ; 0.000      ; 3.503      ;
; 3.392 ; rt[2]     ; rt[5]   ; CLK2         ; CLK2        ; 0.000        ; 0.000      ; 3.613      ;
; 3.392 ; rt[22]    ; rt[25]  ; CLK2         ; CLK2        ; 0.000        ; 0.000      ; 3.613      ;
; 3.392 ; rt[12]    ; rt[15]  ; CLK2         ; CLK2        ; 0.000        ; 0.000      ; 3.613      ;
; 3.393 ; rt[3]     ; rt[6]   ; CLK2         ; CLK2        ; 0.000        ; 0.000      ; 3.614      ;
; 3.393 ; rt[23]    ; rt[26]  ; CLK2         ; CLK2        ; 0.000        ; 0.000      ; 3.614      ;
; 3.393 ; rt[13]    ; rt[16]  ; CLK2         ; CLK2        ; 0.000        ; 0.000      ; 3.614      ;
; 3.400 ; rt[0]     ; rt[6]   ; CLK2         ; CLK2        ; 0.000        ; 0.000      ; 3.621      ;
; 3.400 ; rt[0]     ; rt[5]   ; CLK2         ; CLK2        ; 0.000        ; 0.000      ; 3.621      ;
; 3.400 ; rt[0]     ; rt[4]   ; CLK2         ; CLK2        ; 0.000        ; 0.000      ; 3.621      ;
; 3.400 ; rt[0]     ; rt[3]   ; CLK2         ; CLK2        ; 0.000        ; 0.000      ; 3.621      ;
; 3.400 ; rt[0]     ; rt[2]   ; CLK2         ; CLK2        ; 0.000        ; 0.000      ; 3.621      ;
; 3.483 ; rt[31]    ; rt[32]  ; CLK2         ; CLK2        ; 0.000        ; 0.000      ; 3.704      ;
; 3.492 ; rt[21]    ; rt[26]  ; CLK2         ; CLK2        ; 0.000        ; 0.000      ; 3.713      ;
; 3.492 ; rt[21]    ; rt[25]  ; CLK2         ; CLK2        ; 0.000        ; 0.000      ; 3.713      ;
; 3.492 ; rt[21]    ; rt[24]  ; CLK2         ; CLK2        ; 0.000        ; 0.000      ; 3.713      ;
+-------+-----------+---------+--------------+-------------+--------------+------------+------------+


+-------------------------------------------------------------------+
; Setup Transfers                                                   ;
+------------+----------+----------+----------+----------+----------+
; From Clock ; To Clock ; RR Paths ; FR Paths ; RF Paths ; FF Paths ;
+------------+----------+----------+----------+----------+----------+
; CLK1       ; CLK1     ; 16       ; 0        ; 0        ; 0        ;
; CLK2       ; CLK2     ; 945      ; 0        ; 0        ; 0        ;
+------------+----------+----------+----------+----------+----------+
Entries labeled "false path" only account for clock-to-clock false paths and not path-based false paths. As a result, actual path counts may be lower than reported.


+-------------------------------------------------------------------+
; Hold Transfers                                                    ;
+------------+----------+----------+----------+----------+----------+
; From Clock ; To Clock ; RR Paths ; FR Paths ; RF Paths ; FF Paths ;
+------------+----------+----------+----------+----------+----------+
; CLK1       ; CLK1     ; 16       ; 0        ; 0        ; 0        ;
; CLK2       ; CLK2     ; 945      ; 0        ; 0        ; 0        ;
+------------+----------+----------+----------+----------+----------+
Entries labeled "false path" only account for clock-to-clock false paths and not path-based false paths. As a result, actual path counts may be lower than reported.


---------------
; Report TCCS ;
---------------
No dedicated SERDES Transmitter circuitry present in device or used in design


---------------
; Report RSKM ;
---------------
No non-DPA dedicated SERDES Receiver circuitry present in device or used in design


+------------------------------------------------+
; Unconstrained Paths Summary                    ;
+---------------------------------+-------+------+
; Property                        ; Setup ; Hold ;
+---------------------------------+-------+------+
; Illegal Clocks                  ; 0     ; 0    ;
; Unconstrained Clocks            ; 0     ; 0    ;
; Unconstrained Input Ports       ; 1     ; 1    ;
; Unconstrained Input Port Paths  ; 47    ; 47   ;
; Unconstrained Output Ports      ; 112   ; 112  ;
; Unconstrained Output Port Paths ; 112   ; 112  ;
+---------------------------------+-------+------+


+-------------------------------------+
; Clock Status Summary                ;
+--------+-------+------+-------------+
; Target ; Clock ; Type ; Status      ;
+--------+-------+------+-------------+
; CLK1   ; CLK1  ; Base ; Constrained ;
; CLK2   ; CLK2  ; Base ; Constrained ;
+--------+-------+------+-------------+


+---------------------------------------------------------------------------------------------------+
; Unconstrained Input Ports                                                                         ;
+------------+--------------------------------------------------------------------------------------+
; Input Port ; Comment                                                                              ;
+------------+--------------------------------------------------------------------------------------+
; rst        ; No input delay, min/max delays, false-path exceptions, or max skew assignments found ;
+------------+--------------------------------------------------------------------------------------+


+-----------------------------------------------------------------------------------------------------+
; Unconstrained Output Ports                                                                          ;
+-------------+---------------------------------------------------------------------------------------+
; Output Port ; Comment                                                                               ;
+-------------+---------------------------------------------------------------------------------------+
; T[1]        ; No output delay, min/max delays, false-path exceptions, or max skew assignments found ;
; T[2]        ; No output delay, min/max delays, false-path exceptions, or max skew assignments found ;
; T[3]        ; No output delay, min/max delays, false-path exceptions, or max skew assignments found ;
; T[4]        ; No output delay, min/max delays, false-path exceptions, or max skew assignments found ;
; T[5]        ; No output delay, min/max delays, false-path exceptions, or max skew assignments found ;
; T[6]        ; No output delay, min/max delays, false-path exceptions, or max skew assignments found ;
; T[7]        ; No output delay, min/max delays, false-path exceptions, or max skew assignments found ;
; T[8]        ; No output delay, min/max delays, false-path exceptions, or max skew assignments found ;
; T[9]        ; No output delay, min/max delays, false-path exceptions, or max skew assignments found ;
; T[10]       ; No output delay, min/max delays, false-path exceptions, or max skew assignments found ;
; T[11]       ; No output delay, min/max delays, false-path exceptions, or max skew assignments found ;
; T[12]       ; No output delay, min/max delays, false-path exceptions, or max skew assignments found ;
; T[13]       ; No output delay, min/max delays, false-path exceptions, or max skew assignments found ;
; T[14]       ; No output delay, min/max delays, false-path exceptions, or max skew assignments found ;
; T[15]       ; No output delay, min/max delays, false-path exceptions, or max skew assignments found ;
; T[16]       ; No output delay, min/max delays, false-path exceptions, or max skew assignments found ;
; T[17]       ; No output delay, min/max delays, false-path exceptions, or max skew assignments found ;
; T[18]       ; No output delay, min/max delays, false-path exceptions, or max skew assignments found ;
; T[19]       ; No output delay, min/max delays, false-path exceptions, or max skew assignments found ;
; T[20]       ; No output delay, min/max delays, false-path exceptions, or max skew assignments found ;
; T[21]       ; No output delay, min/max delays, false-path exceptions, or max skew assignments found ;
; T[22]       ; No output delay, min/max delays, false-path exceptions, or max skew assignments found ;
; T[23]       ; No output delay, min/max delays, false-path exceptions, or max skew assignments found ;
; T[24]       ; No output delay, min/max delays, false-path exceptions, or max skew assignments found ;
; T[25]       ; No output delay, min/max delays, false-path exceptions, or max skew assignments found ;
; T[26]       ; No output delay, min/max delays, false-path exceptions, or max skew assignments found ;
; T[27]       ; No output delay, min/max delays, false-path exceptions, or max skew assignments found ;
; T[28]       ; No output delay, min/max delays, false-path exceptions, or max skew assignments found ;
; T[29]       ; No output delay, min/max delays, false-path exceptions, or max skew assignments found ;
; T[30]       ; No output delay, min/max delays, false-path exceptions, or max skew assignments found ;
; T[31]       ; No output delay, min/max delays, false-path exceptions, or max skew assignments found ;
; T[32]       ; No output delay, min/max delays, false-path exceptions, or max skew assignments found ;
; T[33]       ; No output delay, min/max delays, false-path exceptions, or max skew assignments found ;
; T[34]       ; No output delay, min/max delays, false-path exceptions, or max skew assignments found ;
; T[35]       ; No output delay, min/max delays, false-path exceptions, or max skew assignments found ;
; T[36]       ; No output delay, min/max delays, false-path exceptions, or max skew assignments found ;
; T[37]       ; No output delay, min/max delays, false-path exceptions, or max skew assignments found ;
; T[38]       ; No output delay, min/max delays, false-path exceptions, or max skew assignments found ;
; T[39]       ; No output delay, min/max delays, false-path exceptions, or max skew assignments found ;
; T[40]       ; No output delay, min/max delays, false-path exceptions, or max skew assignments found ;
; T[41]       ; No output delay, min/max delays, false-path exceptions, or max skew assignments found ;
; T[42]       ; No output delay, min/max delays, false-path exceptions, or max skew assignments found ;
; T[43]       ; No output delay, min/max delays, false-path exceptions, or max skew assignments found ;
; T[44]       ; No output delay, min/max delays, false-path exceptions, or max skew assignments found ;
; T[45]       ; No output delay, min/max delays, false-path exceptions, or max skew assignments found ;
; T[46]       ; No output delay, min/max delays, false-path exceptions, or max skew assignments found ;
; T[47]       ; No output delay, min/max delays, false-path exceptions, or max skew assignments found ;
; T[48]       ; No output delay, min/max delays, false-path exceptions, or max skew assignments found ;
; T[49]       ; No output delay, min/max delays, false-path exceptions, or max skew assignments found ;
; T[50]       ; No output delay, min/max delays, false-path exceptions, or max skew assignments found ;
; T[51]       ; No output delay, min/max delays, false-path exceptions, or max skew assignments found ;
; T[52]       ; No output delay, min/max delays, false-path exceptions, or max skew assignments found ;
; T[53]       ; No output delay, min/max delays, false-path exceptions, or max skew assignments found ;
; T[54]       ; No output delay, min/max delays, false-path exceptions, or max skew assignments found ;
; T[55]       ; No output delay, min/max delays, false-path exceptions, or max skew assignments found ;
; T[56]       ; No output delay, min/max delays, false-path exceptions, or max skew assignments found ;
; T[57]       ; No output delay, min/max delays, false-path exceptions, or max skew assignments found ;
; T[58]       ; No output delay, min/max delays, false-path exceptions, or max skew assignments found ;
; T[59]       ; No output delay, min/max delays, false-path exceptions, or max skew assignments found ;
; T[60]       ; No output delay, min/max delays, false-path exceptions, or max skew assignments found ;
; T[61]       ; No output delay, min/max delays, false-path exceptions, or max skew assignments found ;
; T[62]       ; No output delay, min/max delays, false-path exceptions, or max skew assignments found ;
; T[63]       ; No output delay, min/max delays, false-path exceptions, or max skew assignments found ;
; T[65]       ; No output delay, min/max delays, false-path exceptions, or max skew assignments found ;
; T[66]       ; No output delay, min/max delays, false-path exceptions, or max skew assignments found ;
; T[67]       ; No output delay, min/max delays, false-path exceptions, or max skew assignments found ;
; T[68]       ; No output delay, min/max delays, false-path exceptions, or max skew assignments found ;
; T[69]       ; No output delay, min/max delays, false-path exceptions, or max skew assignments found ;
; T[70]       ; No output delay, min/max delays, false-path exceptions, or max skew assignments found ;
; T[71]       ; No output delay, min/max delays, false-path exceptions, or max skew assignments found ;
; T[72]       ; No output delay, min/max delays, false-path exceptions, or max skew assignments found ;
; T[73]       ; No output delay, min/max delays, false-path exceptions, or max skew assignments found ;
; T[74]       ; No output delay, min/max delays, false-path exceptions, or max skew assignments found ;
; T[75]       ; No output delay, min/max delays, false-path exceptions, or max skew assignments found ;
; T[76]       ; No output delay, min/max delays, false-path exceptions, or max skew assignments found ;
; T[77]       ; No output delay, min/max delays, false-path exceptions, or max skew assignments found ;
; T[78]       ; No output delay, min/max delays, false-path exceptions, or max skew assignments found ;
; T[79]       ; No output delay, min/max delays, false-path exceptions, or max skew assignments found ;
; T[80]       ; No output delay, min/max delays, false-path exceptions, or max skew assignments found ;
; T[81]       ; No output delay, min/max delays, false-path exceptions, or max skew assignments found ;
; T[82]       ; No output delay, min/max delays, false-path exceptions, or max skew assignments found ;
; T[83]       ; No output delay, min/max delays, false-path exceptions, or max skew assignments found ;
; T[84]       ; No output delay, min/max delays, false-path exceptions, or max skew assignments found ;
; T[85]       ; No output delay, min/max delays, false-path exceptions, or max skew assignments found ;
; T[86]       ; No output delay, min/max delays, false-path exceptions, or max skew assignments found ;
; T[87]       ; No output delay, min/max delays, false-path exceptions, or max skew assignments found ;
; T[88]       ; No output delay, min/max delays, false-path exceptions, or max skew assignments found ;
; T[89]       ; No output delay, min/max delays, false-path exceptions, or max skew assignments found ;
; T[90]       ; No output delay, min/max delays, false-path exceptions, or max skew assignments found ;
; T[91]       ; No output delay, min/max delays, false-path exceptions, or max skew assignments found ;
; T[92]       ; No output delay, min/max delays, false-path exceptions, or max skew assignments found ;
; T[93]       ; No output delay, min/max delays, false-path exceptions, or max skew assignments found ;
; T[94]       ; No output delay, min/max delays, false-path exceptions, or max skew assignments found ;
; T[95]       ; No output delay, min/max delays, false-path exceptions, or max skew assignments found ;
; T[96]       ; No output delay, min/max delays, false-path exceptions, or max skew assignments found ;
; T[97]       ; No output delay, min/max delays, false-path exceptions, or max skew assignments found ;
; T[98]       ; No output delay, min/max delays, false-path exceptions, or max skew assignments found ;
; T[99]       ; No output delay, min/max delays, false-path exceptions, or max skew assignments found ;
; T[100]      ; No output delay, min/max delays, false-path exceptions, or max skew assignments found ;
; T[101]      ; No output delay, min/max delays, false-path exceptions, or max skew assignments found ;
; T[102]      ; No output delay, min/max delays, false-path exceptions, or max skew assignments found ;
; T[103]      ; No output delay, min/max delays, false-path exceptions, or max skew assignments found ;
; T[104]      ; No output delay, min/max delays, false-path exceptions, or max skew assignments found ;
; T[105]      ; No output delay, min/max delays, false-path exceptions, or max skew assignments found ;
; T[106]      ; No output delay, min/max delays, false-path exceptions, or max skew assignments found ;
; T[107]      ; No output delay, min/max delays, false-path exceptions, or max skew assignments found ;
; T[108]      ; No output delay, min/max delays, false-path exceptions, or max skew assignments found ;
; T[109]      ; No output delay, min/max delays, false-path exceptions, or max skew assignments found ;
; T[110]      ; No output delay, min/max delays, false-path exceptions, or max skew assignments found ;
; T[111]      ; No output delay, min/max delays, false-path exceptions, or max skew assignments found ;
; T[112]      ; No output delay, min/max delays, false-path exceptions, or max skew assignments found ;
; T[113]      ; No output delay, min/max delays, false-path exceptions, or max skew assignments found ;
+-------------+---------------------------------------------------------------------------------------+


+---------------------------------------------------------------------------------------------------+
; Unconstrained Input Ports                                                                         ;
+------------+--------------------------------------------------------------------------------------+
; Input Port ; Comment                                                                              ;
+------------+--------------------------------------------------------------------------------------+
; rst        ; No input delay, min/max delays, false-path exceptions, or max skew assignments found ;
+------------+--------------------------------------------------------------------------------------+


+-----------------------------------------------------------------------------------------------------+
; Unconstrained Output Ports                                                                          ;
+-------------+---------------------------------------------------------------------------------------+
; Output Port ; Comment                                                                               ;
+-------------+---------------------------------------------------------------------------------------+
; T[1]        ; No output delay, min/max delays, false-path exceptions, or max skew assignments found ;
; T[2]        ; No output delay, min/max delays, false-path exceptions, or max skew assignments found ;
; T[3]        ; No output delay, min/max delays, false-path exceptions, or max skew assignments found ;
; T[4]        ; No output delay, min/max delays, false-path exceptions, or max skew assignments found ;
; T[5]        ; No output delay, min/max delays, false-path exceptions, or max skew assignments found ;
; T[6]        ; No output delay, min/max delays, false-path exceptions, or max skew assignments found ;
; T[7]        ; No output delay, min/max delays, false-path exceptions, or max skew assignments found ;
; T[8]        ; No output delay, min/max delays, false-path exceptions, or max skew assignments found ;
; T[9]        ; No output delay, min/max delays, false-path exceptions, or max skew assignments found ;
; T[10]       ; No output delay, min/max delays, false-path exceptions, or max skew assignments found ;
; T[11]       ; No output delay, min/max delays, false-path exceptions, or max skew assignments found ;
; T[12]       ; No output delay, min/max delays, false-path exceptions, or max skew assignments found ;
; T[13]       ; No output delay, min/max delays, false-path exceptions, or max skew assignments found ;
; T[14]       ; No output delay, min/max delays, false-path exceptions, or max skew assignments found ;
; T[15]       ; No output delay, min/max delays, false-path exceptions, or max skew assignments found ;
; T[16]       ; No output delay, min/max delays, false-path exceptions, or max skew assignments found ;
; T[17]       ; No output delay, min/max delays, false-path exceptions, or max skew assignments found ;
; T[18]       ; No output delay, min/max delays, false-path exceptions, or max skew assignments found ;
; T[19]       ; No output delay, min/max delays, false-path exceptions, or max skew assignments found ;
; T[20]       ; No output delay, min/max delays, false-path exceptions, or max skew assignments found ;
; T[21]       ; No output delay, min/max delays, false-path exceptions, or max skew assignments found ;
; T[22]       ; No output delay, min/max delays, false-path exceptions, or max skew assignments found ;
; T[23]       ; No output delay, min/max delays, false-path exceptions, or max skew assignments found ;
; T[24]       ; No output delay, min/max delays, false-path exceptions, or max skew assignments found ;
; T[25]       ; No output delay, min/max delays, false-path exceptions, or max skew assignments found ;
; T[26]       ; No output delay, min/max delays, false-path exceptions, or max skew assignments found ;
; T[27]       ; No output delay, min/max delays, false-path exceptions, or max skew assignments found ;
; T[28]       ; No output delay, min/max delays, false-path exceptions, or max skew assignments found ;
; T[29]       ; No output delay, min/max delays, false-path exceptions, or max skew assignments found ;
; T[30]       ; No output delay, min/max delays, false-path exceptions, or max skew assignments found ;
; T[31]       ; No output delay, min/max delays, false-path exceptions, or max skew assignments found ;
; T[32]       ; No output delay, min/max delays, false-path exceptions, or max skew assignments found ;
; T[33]       ; No output delay, min/max delays, false-path exceptions, or max skew assignments found ;
; T[34]       ; No output delay, min/max delays, false-path exceptions, or max skew assignments found ;
; T[35]       ; No output delay, min/max delays, false-path exceptions, or max skew assignments found ;
; T[36]       ; No output delay, min/max delays, false-path exceptions, or max skew assignments found ;
; T[37]       ; No output delay, min/max delays, false-path exceptions, or max skew assignments found ;
; T[38]       ; No output delay, min/max delays, false-path exceptions, or max skew assignments found ;
; T[39]       ; No output delay, min/max delays, false-path exceptions, or max skew assignments found ;
; T[40]       ; No output delay, min/max delays, false-path exceptions, or max skew assignments found ;
; T[41]       ; No output delay, min/max delays, false-path exceptions, or max skew assignments found ;
; T[42]       ; No output delay, min/max delays, false-path exceptions, or max skew assignments found ;
; T[43]       ; No output delay, min/max delays, false-path exceptions, or max skew assignments found ;
; T[44]       ; No output delay, min/max delays, false-path exceptions, or max skew assignments found ;
; T[45]       ; No output delay, min/max delays, false-path exceptions, or max skew assignments found ;
; T[46]       ; No output delay, min/max delays, false-path exceptions, or max skew assignments found ;
; T[47]       ; No output delay, min/max delays, false-path exceptions, or max skew assignments found ;
; T[48]       ; No output delay, min/max delays, false-path exceptions, or max skew assignments found ;
; T[49]       ; No output delay, min/max delays, false-path exceptions, or max skew assignments found ;
; T[50]       ; No output delay, min/max delays, false-path exceptions, or max skew assignments found ;
; T[51]       ; No output delay, min/max delays, false-path exceptions, or max skew assignments found ;
; T[52]       ; No output delay, min/max delays, false-path exceptions, or max skew assignments found ;
; T[53]       ; No output delay, min/max delays, false-path exceptions, or max skew assignments found ;
; T[54]       ; No output delay, min/max delays, false-path exceptions, or max skew assignments found ;
; T[55]       ; No output delay, min/max delays, false-path exceptions, or max skew assignments found ;
; T[56]       ; No output delay, min/max delays, false-path exceptions, or max skew assignments found ;
; T[57]       ; No output delay, min/max delays, false-path exceptions, or max skew assignments found ;
; T[58]       ; No output delay, min/max delays, false-path exceptions, or max skew assignments found ;
; T[59]       ; No output delay, min/max delays, false-path exceptions, or max skew assignments found ;
; T[60]       ; No output delay, min/max delays, false-path exceptions, or max skew assignments found ;
; T[61]       ; No output delay, min/max delays, false-path exceptions, or max skew assignments found ;
; T[62]       ; No output delay, min/max delays, false-path exceptions, or max skew assignments found ;
; T[63]       ; No output delay, min/max delays, false-path exceptions, or max skew assignments found ;
; T[65]       ; No output delay, min/max delays, false-path exceptions, or max skew assignments found ;
; T[66]       ; No output delay, min/max delays, false-path exceptions, or max skew assignments found ;
; T[67]       ; No output delay, min/max delays, false-path exceptions, or max skew assignments found ;
; T[68]       ; No output delay, min/max delays, false-path exceptions, or max skew assignments found ;
; T[69]       ; No output delay, min/max delays, false-path exceptions, or max skew assignments found ;
; T[70]       ; No output delay, min/max delays, false-path exceptions, or max skew assignments found ;
; T[71]       ; No output delay, min/max delays, false-path exceptions, or max skew assignments found ;
; T[72]       ; No output delay, min/max delays, false-path exceptions, or max skew assignments found ;
; T[73]       ; No output delay, min/max delays, false-path exceptions, or max skew assignments found ;
; T[74]       ; No output delay, min/max delays, false-path exceptions, or max skew assignments found ;
; T[75]       ; No output delay, min/max delays, false-path exceptions, or max skew assignments found ;
; T[76]       ; No output delay, min/max delays, false-path exceptions, or max skew assignments found ;
; T[77]       ; No output delay, min/max delays, false-path exceptions, or max skew assignments found ;
; T[78]       ; No output delay, min/max delays, false-path exceptions, or max skew assignments found ;
; T[79]       ; No output delay, min/max delays, false-path exceptions, or max skew assignments found ;
; T[80]       ; No output delay, min/max delays, false-path exceptions, or max skew assignments found ;
; T[81]       ; No output delay, min/max delays, false-path exceptions, or max skew assignments found ;
; T[82]       ; No output delay, min/max delays, false-path exceptions, or max skew assignments found ;
; T[83]       ; No output delay, min/max delays, false-path exceptions, or max skew assignments found ;
; T[84]       ; No output delay, min/max delays, false-path exceptions, or max skew assignments found ;
; T[85]       ; No output delay, min/max delays, false-path exceptions, or max skew assignments found ;
; T[86]       ; No output delay, min/max delays, false-path exceptions, or max skew assignments found ;
; T[87]       ; No output delay, min/max delays, false-path exceptions, or max skew assignments found ;
; T[88]       ; No output delay, min/max delays, false-path exceptions, or max skew assignments found ;
; T[89]       ; No output delay, min/max delays, false-path exceptions, or max skew assignments found ;
; T[90]       ; No output delay, min/max delays, false-path exceptions, or max skew assignments found ;
; T[91]       ; No output delay, min/max delays, false-path exceptions, or max skew assignments found ;
; T[92]       ; No output delay, min/max delays, false-path exceptions, or max skew assignments found ;
; T[93]       ; No output delay, min/max delays, false-path exceptions, or max skew assignments found ;
; T[94]       ; No output delay, min/max delays, false-path exceptions, or max skew assignments found ;
; T[95]       ; No output delay, min/max delays, false-path exceptions, or max skew assignments found ;
; T[96]       ; No output delay, min/max delays, false-path exceptions, or max skew assignments found ;
; T[97]       ; No output delay, min/max delays, false-path exceptions, or max skew assignments found ;
; T[98]       ; No output delay, min/max delays, false-path exceptions, or max skew assignments found ;
; T[99]       ; No output delay, min/max delays, false-path exceptions, or max skew assignments found ;
; T[100]      ; No output delay, min/max delays, false-path exceptions, or max skew assignments found ;
; T[101]      ; No output delay, min/max delays, false-path exceptions, or max skew assignments found ;
; T[102]      ; No output delay, min/max delays, false-path exceptions, or max skew assignments found ;
; T[103]      ; No output delay, min/max delays, false-path exceptions, or max skew assignments found ;
; T[104]      ; No output delay, min/max delays, false-path exceptions, or max skew assignments found ;
; T[105]      ; No output delay, min/max delays, false-path exceptions, or max skew assignments found ;
; T[106]      ; No output delay, min/max delays, false-path exceptions, or max skew assignments found ;
; T[107]      ; No output delay, min/max delays, false-path exceptions, or max skew assignments found ;
; T[108]      ; No output delay, min/max delays, false-path exceptions, or max skew assignments found ;
; T[109]      ; No output delay, min/max delays, false-path exceptions, or max skew assignments found ;
; T[110]      ; No output delay, min/max delays, false-path exceptions, or max skew assignments found ;
; T[111]      ; No output delay, min/max delays, false-path exceptions, or max skew assignments found ;
; T[112]      ; No output delay, min/max delays, false-path exceptions, or max skew assignments found ;
; T[113]      ; No output delay, min/max delays, false-path exceptions, or max skew assignments found ;
+-------------+---------------------------------------------------------------------------------------+


+------------------------------------+
; TimeQuest Timing Analyzer Messages ;
+------------------------------------+
Info: *******************************************************************
Info: Running Quartus Prime TimeQuest Timing Analyzer
    Info: Version 17.1.0 Build 590 10/25/2017 SJ Lite Edition
    Info: Processing started: Tue Dec 26 20:46:50 2017
Info: Command: quartus_sta testmax1270 -c testmax1270
Info: qsta_default_script.tcl version: #3
Warning (18236): Number of processors has not been specified which may cause overloading on shared machines.  Set the global assignment NUM_PARALLEL_PROCESSORS in your QSF to an appropriate value for best performance.
Info (20030): Parallel compilation is enabled and will use 4 of the 4 processors detected
Info (21077): Low junction temperature is 0 degrees C
Info (21077): High junction temperature is 85 degrees C
Info (334003): Started post-fitting delay annotation
Info (334004): Delay annotation completed successfully
Critical Warning (332012): Synopsys Design Constraints File file not found: 'testmax1270.sdc'. A Synopsys Design Constraints File is required by the TimeQuest Timing Analyzer to get proper timing constraints. Without it, the Compiler will not properly optimize the design.
Info (332142): No user constrained base clocks found in the design. Calling "derive_clocks -period 1.0"
Info (332105): Deriving Clocks
    Info (332105): create_clock -period 1.000 -name CLK2 CLK2
    Info (332105): create_clock -period 1.000 -name CLK1 CLK1
Info: Found TIMEQUEST_REPORT_SCRIPT_INCLUDE_DEFAULT_ANALYSIS = ON
Info: Can't run Report Timing Closure Recommendations. The current device family is not supported.
Critical Warning (332148): Timing requirements not met
Info (332146): Worst-case setup slack is -5.163
    Info (332119):     Slack       End Point TNS Clock 
    Info (332119): ========= =================== =====================
    Info (332119):    -5.163            -134.544 CLK2 
    Info (332119):    -1.812             -15.323 CLK1 
Info (332146): Worst-case hold slack is 1.377
    Info (332119):     Slack       End Point TNS Clock 
    Info (332119): ========= =================== =====================
    Info (332119):     1.377               0.000 CLK1 
    Info (332119):     1.667               0.000 CLK2 
Info (332140): No Recovery paths to report
Info (332140): No Removal paths to report
Info (332146): Worst-case minimum pulse width slack is -2.289
    Info (332119):     Slack       End Point TNS Clock 
    Info (332119): ========= =================== =====================
    Info (332119):    -2.289              -2.289 CLK1 
    Info (332119):    -2.289              -2.289 CLK2 
Info (332001): The selected device family is not supported by the report_metastability command.
Info (332102): Design is not fully constrained for setup requirements
Info (332102): Design is not fully constrained for hold requirements
Info: Quartus Prime TimeQuest Timing Analyzer was successful. 0 errors, 3 warnings
    Info: Peak virtual memory: 866 megabytes
    Info: Processing ended: Tue Dec 26 20:46:51 2017
    Info: Elapsed time: 00:00:01
    Info: Total CPU time (on all processors): 00:00:01


